➜  ~ cd Work 
➜  Work ls
DB  git  GITgyakorlo  HTMLCSS  Java  JavaScript
➜  Work git clone git@github.com:Poczok/szakaszZaro.git
Cloning into 'szakaszZaro'...
git@github.com: Permission denied (publickey).
fatal: Could not read from remote repository.

Please make sure you have the correct access rights
and the repository exists.
➜  Work ssh-add ~/Keys/key1
Enter passphrase for /home/poczok/Keys/key1: 
Identity added: /home/poczok/Keys/key1 (/home/poczok/Keys/key1)
➜  Work git clone git@github.com:Poczok/szakaszZaro.git
Cloning into 'szakaszZaro'...
remote: Enumerating objects: 3, done.
remote: Counting objects: 100% (3/3), done.
remote: Total 3 (delta 0), reused 0 (delta 0), pack-reused 0
Receiving objects: 100% (3/3), done.
➜  Work ls
DB  git  GITgyakorlo  HTMLCSS  Java  JavaScript  szakaszZaro
➜  Work cd szakaszZaro 
➜  szakaszZaro git:(master) git checkout -b develop
Switched to a new branch 'develop'
➜  szakaszZaro git:(develop) git checkout -b 1feladat
Switched to a new branch '1feladat'
➜  szakaszZaro git:(1feladat) touch elsofeladat.js
➜  szakaszZaro git:(1feladat) ✗ git add elsofeladat.js 
➜  szakaszZaro git:(1feladat) ✗ git commit -m 'first job'
[1feladat a6bca9f] first job
 1 file changed, 0 insertions(+), 0 deletions(-)
 create mode 100644 elsofeladat.js
➜  szakaszZaro git:(1feladat) git push
fatal: The current branch 1feladat has no upstream branch.
To push the current branch and set the remote as upstream, use

    git push --set-upstream origin 1feladat

➜  szakaszZaro git:(1feladat) git push --set-upstream origin 1feladat
Counting objects: 3, done.
Delta compression using up to 4 threads.
Compressing objects: 100% (2/2), done.
Writing objects: 100% (3/3), 278 bytes | 278.00 KiB/s, done.
Total 3 (delta 0), reused 0 (delta 0)
remote: 
remote: Create a pull request for '1feladat' on GitHub by visiting:
remote:      https://github.com/Poczok/szakaszZaro/pull/new/1feladat
remote: 
To github.com:Poczok/szakaszZaro.git
 * [new branch]      1feladat -> 1feladat
Branch '1feladat' set up to track remote branch '1feladat' from 'origin'.
➜  szakaszZaro git:(1feladat) cd ..
➜  Work ls              
DB  git  GITgyakorlo  HTMLCSS  Java  JavaScript  szakaszZaro
➜  Work cd szakaszZaro 
➜  szakaszZaro git:(1feladat) git checkout develop
Switched to branch 'develop'
➜  szakaszZaro git:(develop) git checkout -b 2feladat
Switched to a new branch '2feladat'
➜  szakaszZaro git:(2feladat) git checkout 2feladat 
Already on '2feladat'
➜  szakaszZaro git:(2feladat) touch 2feladat
➜  szakaszZaro git:(2feladat) ✗ git add 2feladat 
➜  szakaszZaro git:(2feladat) ✗ git commit -m 'second job'
[2feladat a378717] second job
 1 file changed, 0 insertions(+), 0 deletions(-)
 create mode 100644 2feladat
➜  szakaszZaro git:(2feladat) git push
fatal: The current branch 2feladat has no upstream branch.
To push the current branch and set the remote as upstream, use

    git push --set-upstream origin 2feladat

➜  szakaszZaro git:(2feladat) git push --set-upstream origin 2feladat
Counting objects: 3, done.
Delta compression using up to 4 threads.
Compressing objects: 100% (2/2), done.
Writing objects: 100% (3/3), 273 bytes | 273.00 KiB/s, done.
Total 3 (delta 0), reused 0 (delta 0)
remote: 
remote: Create a pull request for '2feladat' on GitHub by visiting:
remote:      https://github.com/Poczok/szakaszZaro/pull/new/2feladat
remote: 
To github.com:Poczok/szakaszZaro.git
 * [new branch]      2feladat -> 2feladat
Branch '2feladat' set up to track remote branch '2feladat' from 'origin'.
➜  szakaszZaro git:(2feladat) git checkout develop
Switched to branch 'develop'
➜  szakaszZaro git:(develop) git checkout -b 3feladat
Switched to a new branch '3feladat'
➜  szakaszZaro git:(3feladat) touch 3feladat.js
➜  szakaszZaro git:(3feladat) ✗ git add 3feladat.js 
➜  szakaszZaro git:(3feladat) ✗ git commit -m 'third job' 
[3feladat 2093c47] third job
 1 file changed, 0 insertions(+), 0 deletions(-)
 create mode 100644 3feladat.js
➜  szakaszZaro git:(3feladat) gitadd 3feladat.js 
zsh: command not found: gitadd
➜  szakaszZaro git:(3feladat) git push  
fatal: The current branch 3feladat has no upstream branch.
To push the current branch and set the remote as upstream, use

    git push --set-upstream origin 3feladat

➜  szakaszZaro git:(3feladat) git push --set-upstream origin 3feladat
Counting objects: 3, done.
Delta compression using up to 4 threads.
Compressing objects: 100% (2/2), done.
Writing objects: 100% (3/3), 276 bytes | 276.00 KiB/s, done.
Total 3 (delta 0), reused 0 (delta 0)
remote: 
remote: Create a pull request for '3feladat' on GitHub by visiting:
remote:      https://github.com/Poczok/szakaszZaro/pull/new/3feladat
remote: 
To github.com:Poczok/szakaszZaro.git
 * [new branch]      3feladat -> 3feladat
Branch '3feladat' set up to track remote branch '3feladat' from 'origin'.
➜  szakaszZaro git:(3feladat) git checkout -b 4-9feladat
Switched to a new branch '4-9feladat'
➜  szakaszZaro git:(4-9feladat) touch 4 feladat
➜  szakaszZaro git:(4-9feladat) ✗ touch 5feladat
➜  szakaszZaro git:(4-9feladat) ✗ move 4 feladat 4feladat
zsh: command not found: move
➜  szakaszZaro git:(4-9feladat) ✗ mv 4 4 feladat 4feladat
mv: target '4feladat' is not a directory
➜  szakaszZaro git:(4-9feladat) ✗ touch 5feladat
➜  szakaszZaro git:(4-9feladat) ✗ touch 6feladat
➜  szakaszZaro git:(4-9feladat) ✗ touch 7feladat.js
➜  szakaszZaro git:(4-9feladat) ✗ touch 8feladat.js
➜  szakaszZaro git:(4-9feladat) ✗ touch 9feladat.js
➜  szakaszZaro git:(4-9feladat) ✗ mv 6feladat 6feladat.js
➜  szakaszZaro git:(4-9feladat) ✗ mv 5feladat 5feladat.js
➜  szakaszZaro git:(4-9feladat) ✗ mv 4 feladat 4feladat.js
mv: target '4feladat.js' is not a directory
➜  szakaszZaro git:(4-9feladat) ✗ rm 4 feladat 
➜  szakaszZaro git:(4-9feladat) ✗ touch 4feladat.js
➜  szakaszZaro git:(4-9feladat) ✗ git add 4feladat.js 5feladat.js 6feladat.js 7feladat.js 8feladat.js 9feladat.js 
➜  szakaszZaro git:(4-9feladat) ✗ git commit -m '4-9 feladatig'
[4-9feladat 57e82a5] 4-9 feladatig
 6 files changed, 0 insertions(+), 0 deletions(-)
 create mode 100644 4feladat.js
 create mode 100644 5feladat.js
 create mode 100644 6feladat.js
 create mode 100644 7feladat.js
 create mode 100644 8feladat.js
 create mode 100644 9feladat.js
➜  szakaszZaro git:(4-9feladat) git push
fatal: The current branch 4-9feladat has no upstream branch.
To push the current branch and set the remote as upstream, use

    git push --set-upstream origin 4-9feladat

➜  szakaszZaro git:(4-9feladat) git push --set-upstream origin 4-9feladat
Counting objects: 2, done.
Delta compression using up to 4 threads.
Compressing objects: 100% (2/2), done.
Writing objects: 100% (2/2), 288 bytes | 288.00 KiB/s, done.
Total 2 (delta 0), reused 0 (delta 0)
remote: 
remote: Create a pull request for '4-9feladat' on GitHub by visiting:
remote:      https://github.com/Poczok/szakaszZaro/pull/new/4-9feladat
remote: 
To github.com:Poczok/szakaszZaro.git
 * [new branch]      4-9feladat -> 4-9feladat
Branch '4-9feladat' set up to track remote branch '4-9feladat' from 'origin'.
➜  szakaszZaro git:(4-9feladat) ls       
3feladat.js  5feladat.js  7feladat.js  9feladat.js
4feladat.js  6feladat.js  8feladat.js  README.md
➜  szakaszZaro git:(4-9feladat) cd ..
➜  Work ls
DB  git  GITgyakorlo  HTMLCSS  Java  JavaScript  szakaszZaro
➜  Work cd szakaszZaro 
➜  szakaszZaro git:(4-9feladat) git checkout develop
Switched to branch 'develop'
➜  szakaszZaro git:(develop) touch gitignore
➜  szakaszZaro git:(develop) ✗ echo gitignore > node_modules
➜  szakaszZaro git:(develop) ✗ echo gitignore >> *.env      
zsh: no matches found: *.env
➜  szakaszZaro git:(develop) ✗ echo gitignore >> .env 
➜  szakaszZaro git:(develop) ✗ cat gitignore 
➜  szakaszZaro git:(develop) ✗ echo gitignore 
gitignore
➜  szakaszZaro git:(develop) ✗ git add gitignore 
➜  szakaszZaro git:(develop) ✗ git commit -m 'gitignore'
[develop 808884e] gitignore
 1 file changed, 0 insertions(+), 0 deletions(-)
 create mode 100644 gitignore
➜  szakaszZaro git:(develop) ✗ git push
fatal: The current branch develop has no upstream branch.
To push the current branch and set the remote as upstream, use

    git push --set-upstream origin develop

➜  szakaszZaro git:(develop) ✗ git push --set-upstream origin develop
Counting objects: 3, done.
Delta compression using up to 4 threads.
Compressing objects: 100% (2/2), done.
Writing objects: 100% (3/3), 274 bytes | 274.00 KiB/s, done.
Total 3 (delta 0), reused 0 (delta 0)
remote: 
remote: Create a pull request for 'develop' on GitHub by visiting:
remote:      https://github.com/Poczok/szakaszZaro/pull/new/develop
remote: 
To github.com:Poczok/szakaszZaro.git
 * [new branch]      develop -> develop
Branch 'develop' set up to track remote branch 'develop' from 'origin'.
➜  szakaszZaro git:(develop) ✗ ls
gitignore  node_modules  README.md
➜  szakaszZaro git:(develop) ✗ rm node_modules 
➜  szakaszZaro git:(develop) ✗ --ehcho  
zsh: command not found: --ehcho
➜  szakaszZaro git:(develop) ✗ --echo 
zsh: command not found: --echo
➜  szakaszZaro git:(develop) ✗ cat gitignore >> 'node_modules .env'
➜  szakaszZaro git:(develop) ✗ cat gitignore  
➜  szakaszZaro git:(develop) ✗ git add gitignore
➜  szakaszZaro git:(develop) ✗ git commit -m 'modification in gitignore'
On branch develop
Your branch is up to date with 'origin/develop'.

Untracked files:
	.env
	node_modules .env

nothing added to commit but untracked files present
➜  szakaszZaro git:(develop) ✗ rm .env
➜  szakaszZaro git:(develop) ✗ rm node_modules\ .env 
➜  szakaszZaro git:(develop) ls
gitignore  README.md
➜  szakaszZaro git:(develop) echo 'node_modules .env' > gitignore 
➜  szakaszZaro git:(develop) ✗ ls
gitignore  README.md
➜  szakaszZaro git:(develop) ✗ cat gitignore 
node_modules .env
➜  szakaszZaro git:(develop) ✗ ls
gitignore  README.md
➜  szakaszZaro git:(develop) ✗ git add gitignore 
➜  szakaszZaro git:(develop) ✗ git commit 'modifications in gitignore' 
error: pathspec 'modifications in gitignore' did not match any file(s) known to git.
➜  szakaszZaro git:(develop) ✗ git commit -m 'modifications in gitignore'
[develop 500e2cc] modifications in gitignore
 1 file changed, 1 insertion(+)
➜  szakaszZaro git:(develop) git push
Counting objects: 3, done.
Delta compression using up to 4 threads.
Compressing objects: 100% (2/2), done.
Writing objects: 100% (3/3), 304 bytes | 304.00 KiB/s, done.
Total 3 (delta 0), reused 0 (delta 0)
To github.com:Poczok/szakaszZaro.git
   808884e..500e2cc  develop -> develop
➜  szakaszZaro git:(develop) touch history.log  
➜  szakaszZaro git:(develop) ✗ node history.log 
➜  szakaszZaro git:(develop) ✗ code history.log 
➜  szakaszZaro git:(develop) ✗ 